// Jest Snapshot v1, https://goo.gl/fbAQLP

exports[`Comment Documents should be compiled comment correctly:【function comment】 1`] = `
[
  {
    "comment": "/**
	 * Represents an event describing the change in a {@link TextEditor.options text editor's options}.
	 */",
    "range": [
      {
        "character": 0,
        "line": 0,
      },
      {
        "character": 4,
        "line": 2,
      },
    ],
    "tokens": [
      {
        "ignoreEnd": 0,
        "ignoreStart": 3,
        "text": "/**",
      },
      {
        "ignoreEnd": 0,
        "ignoreStart": 3,
        "text": "	 * Represents an event describing the change in a {@link TextEditor.options text editor's options}.",
      },
      {
        "ignoreEnd": 0,
        "ignoreStart": 4,
        "text": "	 */",
      },
    ],
  },
  {
    "comment": "/**
		 * The new value for the {@link TextEditor.options text editor's options}.
		 */",
    "range": [
      {
        "character": 2,
        "line": 6,
      },
      {
        "character": 5,
        "line": 8,
      },
    ],
    "tokens": [
      {
        "ignoreEnd": 0,
        "ignoreStart": 3,
        "text": "/**",
      },
      {
        "ignoreEnd": 0,
        "ignoreStart": 4,
        "text": "		 * The new value for the {@link TextEditor.options text editor's options}.",
      },
      {
        "ignoreEnd": 0,
        "ignoreStart": 5,
        "text": "		 */",
      },
    ],
  },
]
`;

exports[`Comment Documents should be compiled comment correctly:【head comment】 1`] = `
[
  {
    "comment": "// Type definitions for Visual Studio Code 1.68
// Project: https://github.com/microsoft/vscode
// Definitions by: Visual Studio Code Team, Microsoft <https://github.com/microsoft>
// Definitions: https://github.com/DefinitelyTyped/DefinitelyTyped",
    "range": [
      {
        "character": 0,
        "line": 0,
      },
      {
        "character": 66,
        "line": 3,
      },
    ],
    "tokens": [
      {
        "ignoreEnd": 0,
        "ignoreStart": 2,
        "text": "// Type definitions for Visual Studio Code 1.68",
      },
      {
        "ignoreEnd": 0,
        "ignoreStart": 2,
        "text": "// Project: https://github.com/microsoft/vscode",
      },
      {
        "ignoreEnd": 0,
        "ignoreStart": 2,
        "text": "// Definitions by: Visual Studio Code Team, Microsoft <https://github.com/microsoft>",
      },
      {
        "ignoreEnd": 0,
        "ignoreStart": 2,
        "text": "// Definitions: https://github.com/DefinitelyTyped/DefinitelyTyped",
      },
    ],
  },
  {
    "comment": "/*---------------------------------------------------------------------------------------------
 *  Copyright (c) Microsoft Corporation. All rights reserved.
 *  Licensed under the MIT License.
 *  See https://github.com/microsoft/vscode/blob/main/LICENSE.txt for license information.
 *--------------------------------------------------------------------------------------------*/",
    "range": [
      {
        "character": 0,
        "line": 5,
      },
      {
        "character": 96,
        "line": 9,
      },
    ],
    "tokens": [
      {
        "ignoreEnd": 0,
        "ignoreStart": 95,
        "text": "/*---------------------------------------------------------------------------------------------",
      },
      {
        "ignoreEnd": 0,
        "ignoreStart": 1,
        "text": " *  Copyright (c) Microsoft Corporation. All rights reserved.",
      },
      {
        "ignoreEnd": 0,
        "ignoreStart": 1,
        "text": " *  Licensed under the MIT License.",
      },
      {
        "ignoreEnd": 0,
        "ignoreStart": 1,
        "text": " *  See https://github.com/microsoft/vscode/blob/main/LICENSE.txt for license information.",
      },
      {
        "ignoreEnd": 0,
        "ignoreStart": 96,
        "text": " *--------------------------------------------------------------------------------------------*/",
      },
    ],
  },
  {
    "comment": "/**
 * Type Definition for Visual Studio Code 1.68 Extension API
 * See https://code.visualstudio.com/api for more information
 */",
    "range": [
      {
        "character": 0,
        "line": 11,
      },
      {
        "character": 3,
        "line": 14,
      },
    ],
    "tokens": [
      {
        "ignoreEnd": 0,
        "ignoreStart": 3,
        "text": "/**",
      },
      {
        "ignoreEnd": 0,
        "ignoreStart": 2,
        "text": " * Type Definition for Visual Studio Code 1.68 Extension API",
      },
      {
        "ignoreEnd": 0,
        "ignoreStart": 2,
        "text": " * See https://code.visualstudio.com/api for more information",
      },
      {
        "ignoreEnd": 0,
        "ignoreStart": 3,
        "text": " */",
      },
    ],
  },
]
`;

exports[`Comment Documents should be compiled comment correctly:【spaceInHead comment】 1`] = `
[
  {
    "comment": "// This is the theme of your application
        //
        // Try running your application with "flutter run". You'll see the
        // application has a blue toolbar. Then, without quitting the app, try
        // changing the primarySwatch below to Colors.green and then invoke
        // "hot reload" (press "r" in the console where you ran "flutter run",
        // or simply save your changes to "hot reload" in a Flutter IDE).
        // Notice that the counter didn't reset back to zero; the application
        // is not restarted.",
    "range": [
      {
        "character": 0,
        "line": 0,
      },
      {
        "character": 28,
        "line": 8,
      },
    ],
    "tokens": [
      {
        "ignoreEnd": 0,
        "ignoreStart": 2,
        "text": "// This is the theme of your application",
      },
      {
        "ignoreEnd": 0,
        "ignoreStart": 10,
        "text": "        //",
      },
      {
        "ignoreEnd": 0,
        "ignoreStart": 10,
        "text": "        // Try running your application with "flutter run". You'll see the",
      },
      {
        "ignoreEnd": 0,
        "ignoreStart": 10,
        "text": "        // application has a blue toolbar. Then, without quitting the app, try",
      },
      {
        "ignoreEnd": 0,
        "ignoreStart": 10,
        "text": "        // changing the primarySwatch below to Colors.green and then invoke",
      },
      {
        "ignoreEnd": 0,
        "ignoreStart": 10,
        "text": "        // "hot reload" (press "r" in the console where you ran "flutter run",",
      },
      {
        "ignoreEnd": 0,
        "ignoreStart": 10,
        "text": "        // or simply save your changes to "hot reload" in a Flutter IDE).",
      },
      {
        "ignoreEnd": 0,
        "ignoreStart": 10,
        "text": "        // Notice that the counter didn't reset back to zero; the application",
      },
      {
        "ignoreEnd": 0,
        "ignoreStart": 10,
        "text": "        // is not restarted.",
      },
    ],
  },
  {
    "comment": "/// This is the theme of your application
        ///
        /// Try running your application with "flutter run". You'll see the
        /// application has a blue toolbar. Then, without quitting the app, try
        /// changing the primarySwatch below to Colors.green and then invoke
        /// "hot reload" (press "r" in the console where you ran "flutter run",
        /// or simply save your changes to "hot reload" in a Flutter IDE).
        /// Notice that the counter didn't reset back to zero; the application
        /// is not restarted.",
    "range": [
      {
        "character": 8,
        "line": 12,
      },
      {
        "character": 29,
        "line": 20,
      },
    ],
    "tokens": [
      {
        "ignoreEnd": 0,
        "ignoreStart": 2,
        "text": "/// This is the theme of your application",
      },
      {
        "ignoreEnd": 0,
        "ignoreStart": 10,
        "text": "        ///",
      },
      {
        "ignoreEnd": 0,
        "ignoreStart": 10,
        "text": "        /// Try running your application with "flutter run". You'll see the",
      },
      {
        "ignoreEnd": 0,
        "ignoreStart": 10,
        "text": "        /// application has a blue toolbar. Then, without quitting the app, try",
      },
      {
        "ignoreEnd": 0,
        "ignoreStart": 10,
        "text": "        /// changing the primarySwatch below to Colors.green and then invoke",
      },
      {
        "ignoreEnd": 0,
        "ignoreStart": 10,
        "text": "        /// "hot reload" (press "r" in the console where you ran "flutter run",",
      },
      {
        "ignoreEnd": 0,
        "ignoreStart": 10,
        "text": "        /// or simply save your changes to "hot reload" in a Flutter IDE).",
      },
      {
        "ignoreEnd": 0,
        "ignoreStart": 10,
        "text": "        /// Notice that the counter didn't reset back to zero; the application",
      },
      {
        "ignoreEnd": 0,
        "ignoreStart": 10,
        "text": "        /// is not restarted.",
      },
    ],
  },
]
`;
